
> compta-zero-saisie@2.0.0 build
> tsc && vite build

[36mvite v5.4.21 [32mbuilding for production...[36m[39m
transforming...
[32mÔ£ô[39m 48 modules transformed.
node.exe : [31mx[39m Build 
failed in 631ms
Au caractère Ligne:1 : 1
+ & "C:\Program 
Files\nodejs/node.exe" 
"C:\Program 
Files\nodejs/node_mo ...
+ ~~~~~~~~~~~~~~~~~~~~~~~~~~~~
~~~~~~~~~~~~~~~~~~~~~~~~~~~~~~
~~~~~~~~~~~
    + CategoryInfo            
  : NotSpecified    : 
([31mx[39m Buil    d failed 
in 631ms:S    tring) [], 
RemoteEx    ception
    + FullyQualifiedErr    
orId : NativeComman    dError
 
[31merror during build:
[31m[vite]: Rollup failed to 
resolve import "html2pdf.js" 
from 
"C:/Users/asus/Desktop/nv - 
Copie (antig)/frontend/src/pag
es/BulletinPaieDetail.tsx".
This is most likely 
unintended because it can 
break your application at 
runtime.
If you do want to externalize 
this module explicitly add it 
to
`build.rollupOptions.external`
[31m
    at viteWarn (file:///C:/Us
ers/asus/Desktop/nv%20-%20Copi
e%20(antig)/frontend/node_modu
les/vite/dist/node/chunks/dep-
BK3b2jBa.js:65855:17)
    at onwarn (file:///C:/User
s/asus/Desktop/nv%20-%20Copie%
20(antig)/frontend/node_module
s/@vitejs/plugin-react/dist/in
dex.js:90:7)
    at onRollupWarning (file:/
//C:/Users/asus/Desktop/nv%20-
%20Copie%20(antig)/frontend/no
de_modules/vite/dist/node/chun
ks/dep-BK3b2jBa.js:65885:5)
    at onwarn (file:///C:/User
s/asus/Desktop/nv%20-%20Copie%
20(antig)/frontend/node_module
s/vite/dist/node/chunks/dep-BK
3b2jBa.js:65550:7)
    at file:///C:/Users/asus/D
esktop/nv%20-%20Copie%20(antig
)/frontend/node_modules/rollup
/dist/es/shared/node-entry.js:
20972:13
    at Object.logger [as 
onLog] (file:///C:/Users/asus/
Desktop/nv%20-%20Copie%20(anti
g)/frontend/node_modules/rollu
p/dist/es/shared/node-entry.js
:22945:9)
    at ModuleLoader.handleInva
lidResolvedId (file:///C:/User
s/asus/Desktop/nv%20-%20Copie%
20(antig)/frontend/node_module
s/rollup/dist/es/shared/node-e
ntry.js:21689:26)
    at file:///C:/Users/asus/D
esktop/nv%20-%20Copie%20(antig
)/frontend/node_modules/rollup
/dist/es/shared/node-entry.js:
21647:26[39m
